D:/21032023_TouchGFX_WorkSpace/TouchGFX_4_21_1_First/TouchGFX_4_21_1_Modbus_10042023/Core/Src/main.c:877:13:SPI5_Write	16	static
D:/21032023_TouchGFX_WorkSpace/TouchGFX_4_21_1_First/TouchGFX_4_21_1_Modbus_10042023/Core/Src/main.c:989:6:StartDefaultTask	8	static
D:/21032023_TouchGFX_WorkSpace/TouchGFX_4_21_1_First/TouchGFX_4_21_1_Modbus_10042023/Core/Src/main.c:262:6:SystemClock_Config	96	static
D:/21032023_TouchGFX_WorkSpace/TouchGFX_4_21_1_First/TouchGFX_4_21_1_Modbus_10042023/Core/Src/main.c:158:5:main	112	static
D:/21032023_TouchGFX_WorkSpace/TouchGFX_4_21_1_First/TouchGFX_4_21_1_Modbus_10042023/Core/Src/main.c:721:6:IOE_Init	0	static
D:/21032023_TouchGFX_WorkSpace/TouchGFX_4_21_1_First/TouchGFX_4_21_1_Modbus_10042023/Core/Src/main.c:730:6:IOE_ITConfig	0	static
D:/21032023_TouchGFX_WorkSpace/TouchGFX_4_21_1_First/TouchGFX_4_21_1_Modbus_10042023/Core/Src/main.c:742:6:IOE_Write	32	static
D:/21032023_TouchGFX_WorkSpace/TouchGFX_4_21_1_First/TouchGFX_4_21_1_Modbus_10042023/Core/Src/main.c:753:9:IOE_Read	32	static
D:/21032023_TouchGFX_WorkSpace/TouchGFX_4_21_1_First/TouchGFX_4_21_1_Modbus_10042023/Core/Src/main.c:766:10:IOE_ReadMultiple	24	static
D:/21032023_TouchGFX_WorkSpace/TouchGFX_4_21_1_First/TouchGFX_4_21_1_Modbus_10042023/Core/Src/main.c:775:6:IOE_Delay	0	static
D:/21032023_TouchGFX_WorkSpace/TouchGFX_4_21_1_First/TouchGFX_4_21_1_Modbus_10042023/Core/Src/main.c:903:6:LCD_IO_Init	8	static
D:/21032023_TouchGFX_WorkSpace/TouchGFX_4_21_1_First/TouchGFX_4_21_1_Modbus_10042023/Core/Src/main.c:913:6:LCD_IO_WriteData	16	static
D:/21032023_TouchGFX_WorkSpace/TouchGFX_4_21_1_First/TouchGFX_4_21_1_Modbus_10042023/Core/Src/main.c:929:6:LCD_IO_WriteReg	16	static
D:/21032023_TouchGFX_WorkSpace/TouchGFX_4_21_1_First/TouchGFX_4_21_1_Modbus_10042023/Core/Src/main.c:948:10:LCD_IO_ReadData	32	static
D:/21032023_TouchGFX_WorkSpace/TouchGFX_4_21_1_First/TouchGFX_4_21_1_Modbus_10042023/Core/Src/main.c:975:6:LCD_Delay	0	static
D:/21032023_TouchGFX_WorkSpace/TouchGFX_4_21_1_First/TouchGFX_4_21_1_Modbus_10042023/Core/Src/main.c:1008:6:HAL_TIM_PeriodElapsedCallback	0	static
D:/21032023_TouchGFX_WorkSpace/TouchGFX_4_21_1_First/TouchGFX_4_21_1_Modbus_10042023/Core/Src/main.c:1025:6:Error_Handler	0	static
